// Jest Snapshot v1, https://goo.gl/fbAQLP

exports[`render 1`] = `
<View
  style={
    Object {
      "flex": 1,
    }
  }
>
  <RNCSafeAreaProvider
    onInsetsChange={[Function]}
    style={
      Array [
        Object {
          "flex": 1,
        },
        undefined,
      ]
    }
  >
    <View
      pointerEvents="box-none"
      style={
        Object {
          "zIndex": 1,
        }
      }
    >
      <View
        accessibilityElementsHidden={false}
        importantForAccessibility="auto"
        onLayout={[Function]}
        pointerEvents="box-none"
        style={null}
      >
        <View
          pointerEvents="box-none"
          style={
            Object {
              "bottom": 0,
              "left": 0,
              "opacity": 1,
              "position": "absolute",
              "right": 0,
              "top": 0,
              "zIndex": 0,
            }
          }
        >
          <View
            style={
              Object {
                "backgroundColor": "rgb(255, 255, 255)",
                "borderBottomColor": "rgb(216, 216, 216)",
                "flex": 1,
                "shadowColor": "rgb(216, 216, 216)",
                "shadowOffset": Object {
                  "height": 0.5,
                  "width": 0,
                },
                "shadowOpacity": 0.85,
                "shadowRadius": 0,
              }
            }
          />
        </View>
        <View
          pointerEvents="box-none"
          style={
            Object {
              "height": 64,
              "maxHeight": undefined,
              "minHeight": undefined,
              "opacity": undefined,
              "transform": undefined,
            }
          }
        >
          <View
            pointerEvents="none"
            style={
              Object {
                "height": 20,
              }
            }
          />
          <View
            pointerEvents="box-none"
            style={
              Object {
                "alignItems": "center",
                "flex": 1,
                "flexDirection": "row",
                "justifyContent": "center",
              }
            }
          >
            <View
              pointerEvents="box-none"
              style={
                Object {
                  "marginHorizontal": 16,
                  "opacity": 1,
                }
              }
            >
              <Text
                accessibilityRole="header"
                aria-level="1"
                numberOfLines={1}
                onLayout={[Function]}
                style={
                  Object {
                    "color": "rgb(28, 28, 30)",
                    "fontSize": 17,
                    "fontWeight": "600",
                  }
                }
              >
                MockedScreen
              </Text>
            </View>
          </View>
        </View>
      </View>
    </View>
    <RNSScreenContainer
      onLayout={[Function]}
      style={
        Object {
          "flex": 1,
        }
      }
    >
      <RNSScreen
        activityState={2}
        forwardedRef={[Function]}
        pointerEvents="box-none"
        style={
          Object {
            "bottom": 0,
            "left": 0,
            "position": "absolute",
            "right": 0,
            "top": 0,
          }
        }
      >
        <View
          collapsable={false}
          style={
            Object {
              "opacity": 1,
            }
          }
        />
        <View
          accessibilityElementsHidden={false}
          closing={false}
          gestureVelocityImpact={0.3}
          importantForAccessibility="auto"
          onClose={[Function]}
          onGestureBegin={[Function]}
          onGestureCanceled={[Function]}
          onGestureEnd={[Function]}
          onOpen={[Function]}
          onTransition={[Function]}
          pointerEvents="box-none"
          style={
            Array [
              Object {
                "overflow": undefined,
              },
              Object {
                "bottom": 0,
                "left": 0,
                "position": "absolute",
                "right": 0,
                "top": 0,
              },
            ]
          }
          transitionSpec={
            Object {
              "close": Object {
                "animation": "spring",
                "config": Object {
                  "damping": 500,
                  "mass": 3,
                  "overshootClamping": true,
                  "restDisplacementThreshold": 10,
                  "restSpeedThreshold": 10,
                  "stiffness": 1000,
                },
              },
              "open": Object {
                "animation": "spring",
                "config": Object {
                  "damping": 500,
                  "mass": 3,
                  "overshootClamping": true,
                  "restDisplacementThreshold": 10,
                  "restSpeedThreshold": 10,
                  "stiffness": 1000,
                },
              },
            }
          }
        >
          <View
            needsOffscreenAlphaCompositing={false}
            pointerEvents="box-none"
            style={
              Object {
                "flex": 1,
              }
            }
          >
            <View
              collapsable={false}
              forwardedRef={[Function]}
              onGestureHandlerEvent={[Function]}
              onGestureHandlerStateChange={[Function]}
              style={
                Object {
                  "flex": 1,
                  "transform": Array [
                    Object {
                      "translateX": 0,
                    },
                    Object {
                      "translateX": 0,
                    },
                  ],
                }
              }
            >
              <View
                pointerEvents="none"
                style={
                  Object {
                    "backgroundColor": "rgb(242, 242, 242)",
                    "bottom": 0,
                    "left": 0,
                    "position": "absolute",
                    "shadowColor": "#000",
                    "shadowOffset": Object {
                      "height": 1,
                      "width": -1,
                    },
                    "shadowOpacity": 0.3,
                    "shadowRadius": 5,
                    "top": 0,
                    "width": 3,
                  }
                }
              />
              <View
                style={
                  Array [
                    Object {
                      "flex": 1,
                      "overflow": "hidden",
                    },
                    Array [
                      Object {
                        "backgroundColor": "rgb(242, 242, 242)",
                      },
                      undefined,
                    ],
                  ]
                }
              >
                <View
                  style={
                    Object {
                      "flex": 1,
                      "flexDirection": "column-reverse",
                    }
                  }
                >
                  <View
                    style={
                      Object {
                        "flex": 1,
                      }
                    }
                  >
                    <View
                      style={
                        Object {
                          "backgroundColor": "#f4f4f4",
                          "flex": 1,
                        }
                      }
                    >
                      <View
                        accessibilityLabel={null}
                        style={
                          Array [
                            Object {
                              "flexDirection": "row",
                            },
                            Object {},
                          ]
                        }
                        testID={null}
                      >
                        <View
                          onMoveShouldSetResponder={[Function]}
                          onMoveShouldSetResponderCapture={[Function]}
                          onResponderEnd={[Function]}
                          onResponderGrant={[Function]}
                          onResponderMove={[Function]}
                          onResponderReject={[Function]}
                          onResponderRelease={[Function]}
                          onResponderStart={[Function]}
                          onResponderTerminate={[Function]}
                          onResponderTerminationRequest={[Function]}
                          onStartShouldSetResponder={[Function]}
                          onStartShouldSetResponderCapture={[Function]}
                          style={
                            Object {
                              "flex": 1,
                            }
                          }
                        >
                          <View
                            onLayout={[Function]}
                            style={
                              Object {
                                "backgroundColor": "#FFFFFF",
                                "borderRadius": 50,
                                "height": 40,
                              }
                            }
                          >
                            <View
                              style={
                                Object {
                                  "alignItems": "center",
                                  "borderColor": "#C9C9C9",
                                  "borderRadius": 50,
                                  "borderWidth": 1,
                                  "flex": 1,
                                  "flexDirection": "row",
                                }
                              }
                            >
                              <View
                                accessible={true}
                                focusable={true}
                                onClick={[Function]}
                                onResponderGrant={[Function]}
                                onResponderMove={[Function]}
                                onResponderRelease={[Function]}
                                onResponderTerminate={[Function]}
                                onResponderTerminationRequest={[Function]}
                                onStartShouldSetResponder={[Function]}
                                style={
                                  Object {
                                    "alignItems": "center",
                                    "flex": 1,
                                    "flexDirection": "row",
                                    "justifyContent": "center",
                                    "opacity": 1,
                                  }
                                }
                              >
                                <Text
                                  allowFontScaling={false}
                                  style={
                                    Array [
                                      Object {
                                        "color": "#fff",
                                        "fontSize": 25,
                                      },
                                      undefined,
                                      Object {
                                        "fontFamily": "Material Design Icons",
                                        "fontStyle": "normal",
                                        "fontWeight": "normal",
                                      },
                                      Object {},
                                    ]
                                  }
                                >
                                  󰒽
                                </Text>
                                <Text
                                  style={
                                    Array [
                                      Object {
                                        "backgroundColor": "transparent",
                                        "color": "#FFFFFF",
                                        "fontSize": 14,
                                        "fontWeight": "normal",
                                        "textAlign": "center",
                                      },
                                      Object {},
                                    ]
                                  }
                                >
                                  DESC
                                </Text>
                              </View>
                              <View
                                accessible={true}
                                focusable={true}
                                onClick={[Function]}
                                onResponderGrant={[Function]}
                                onResponderMove={[Function]}
                                onResponderRelease={[Function]}
                                onResponderTerminate={[Function]}
                                onResponderTerminationRequest={[Function]}
                                onStartShouldSetResponder={[Function]}
                                style={
                                  Object {
                                    "alignItems": "center",
                                    "flex": 1,
                                    "flexDirection": "row",
                                    "justifyContent": "center",
                                    "opacity": 1,
                                  }
                                }
                              >
                                <Text
                                  allowFontScaling={false}
                                  style={
                                    Array [
                                      Object {
                                        "color": "#000",
                                        "fontSize": 25,
                                      },
                                      undefined,
                                      Object {
                                        "fontFamily": "Material Design Icons",
                                        "fontStyle": "normal",
                                        "fontWeight": "normal",
                                      },
                                      Object {},
                                    ]
                                  }
                                >
                                  󰒼
                                </Text>
                                <Text
                                  style={
                                    Array [
                                      Object {
                                        "backgroundColor": "transparent",
                                        "color": "#000000",
                                        "fontSize": 14,
                                        "fontWeight": "normal",
                                        "textAlign": "center",
                                      },
                                      Object {},
                                    ]
                                  }
                                >
                                  ASC
                                </Text>
                              </View>
                            </View>
                          </View>
                        </View>
                      </View>
                      <RCTScrollView
                        closeOnRowBeginSwipe={false}
                        closeOnRowOpen={true}
                        closeOnRowPress={true}
                        closeOnScroll={true}
                        data={null}
                        directionalDistanceChangeThreshold={2}
                        disableHiddenLayoutCalculation={false}
                        disableLeftSwipe={false}
                        disableRightSwipe={true}
                        disableVirtualization={false}
                        getItem={[Function]}
                        getItemCount={[Function]}
                        horizontal={false}
                        initialNumToRender={10}
                        keyExtractor={[Function]}
                        leftActionValue={0}
                        leftActivationValue={100}
                        leftOpenValue={75}
                        maxToRenderPerBatch={10}
                        onContentSizeChange={[Function]}
                        onEndReachedThreshold={2}
                        onLayout={[Function]}
                        onLeftAction={[Function]}
                        onLeftActionStatusChange={[Function]}
                        onMomentumScrollEnd={[Function]}
                        onRightAction={[Function]}
                        onRightActionStatusChange={[Function]}
                        onRowDidOpen={[Function]}
                        onScroll={[Function]}
                        onScrollBeginDrag={[Function]}
                        onScrollEndDrag={[Function]}
                        previewFirstRow={false}
                        previewRepeat={false}
                        previewRepeatDelay={1000}
                        recalculateHiddenLayout={false}
                        removeClippedSubviews={false}
                        renderHiddenItem={[Function]}
                        renderItem={[Function]}
                        rightActionValue={-500}
                        rightActivationValue={-200}
                        rightOpenValue={-150}
                        scrollEventThrottle={50}
                        stickyHeaderIndices={Array []}
                        swipeToClosePercent={50}
                        swipeToOpenPercent={50}
                        swipeToOpenVelocityContribution={0}
                        updateCellsBatchingPeriod={50}
                        useAnimatedList={false}
                        useNativeDriver={true}
                        viewabilityConfigCallbackPairs={Array []}
                        windowSize={21}
                      >
                        <View />
                      </RCTScrollView>
                      <View
                        style={
                          Object {
                            "alignItems": "center",
                            "borderRadius": 28,
                            "bottom": 0,
                            "flexDirection": "row",
                            "justifyContent": "center",
                            "margin": 16,
                            "opacity": 1,
                            "position": "absolute",
                            "right": 0,
                            "transform": Array [
                              Object {
                                "scale": 1,
                              },
                            ],
                          }
                        }
                      >
                        <View
                          style={
                            Array [
                              Object {
                                "borderRadius": 3,
                                "overflow": "hidden",
                              },
                              Object {
                                "borderRadius": 3,
                              },
                              Object {
                                "borderRadius": 28,
                                "elevation": 4,
                              },
                              false,
                            ]
                          }
                        >
                          <View
                            accessibilityRole="button"
                            accessibilityState={
                              Object {
                                "busy": false,
                                "disabled": false,
                              }
                            }
                            accessible={true}
                            focusable={true}
                            onClick={[Function]}
                            onResponderGrant={[Function]}
                            onResponderMove={[Function]}
                            onResponderRelease={[Function]}
                            onResponderTerminate={[Function]}
                            onResponderTerminationRequest={[Function]}
                            onStartShouldSetResponder={[Function]}
                            style={
                              Object {
                                "opacity": 1,
                              }
                            }
                          >
                            <View
                              style={
                                Object {
                                  "alignItems": "center",
                                  "backgroundColor": "deepskyblue",
                                  "borderColor": "#2089dc",
                                  "borderRadius": 3,
                                  "borderWidth": 0,
                                  "flexDirection": "row",
                                  "height": 56,
                                  "justifyContent": "center",
                                  "padding": 16,
                                  "width": 56,
                                }
                              }
                            >
                              <View
                                style={
                                  Object {
                                    "height": 56,
                                    "marginHorizontal": 5,
                                    "overflow": "hidden",
                                    "padding": 16,
                                    "width": 56,
                                  }
                                }
                              >
                                <View>
                                  <View
                                    style={
                                      Object {
                                        "alignItems": "center",
                                        "backgroundColor": "transparent",
                                        "justifyContent": "center",
                                      }
                                    }
                                  >
                                    <Text
                                      allowFontScaling={false}
                                      style={
                                        Array [
                                          Object {
                                            "color": "white",
                                            "fontSize": 24,
                                          },
                                          Object {
                                            "backgroundColor": "transparent",
                                          },
                                          Object {
                                            "fontFamily": "Material Icons",
                                            "fontStyle": "normal",
                                            "fontWeight": "normal",
                                          },
                                          Object {},
                                        ]
                                      }
                                      testID="iconIcon"
                                    >
                                      
                                    </Text>
                                  </View>
                                </View>
                              </View>
                            </View>
                          </View>
                        </View>
                      </View>
                    </View>
                  </View>
                </View>
              </View>
            </View>
          </View>
        </View>
      </RNSScreen>
    </RNSScreenContainer>
  </RNCSafeAreaProvider>
</View>
`;
